// Jest Snapshot v1, https://goo.gl/fbAQLP

exports[`should render AppointmentList component 1`] = `
<Container
  fluid={false}
>
  <h3>
    Your Appointments
  </h3>
  <h5>
    You do not have any appointments.
  </h5>
</Container>
`;
